// Jest Snapshot v1, https://goo.gl/fbAQLP

exports[`ImageElement renders an Image element 1`] = `
<div
  className="css-1r7f6v6-ImageElement"
>
  <img
    alt="Form Image"
    className="css-1vqyys9-ImageElement"
    src=""
  />
</div>
`;
