// Jest Snapshot v1, https://goo.gl/fbAQLP

exports[`CheckboxGroupField renders a Radio Button group 1`] = `
<div
  className="css-1ydmt8u-CheckboxGroupField"
>
  label
</div>
`;
