// Jest Snapshot v1, https://goo.gl/fbAQLP

exports[`RichFileUploadField renders a basic file upload component 1`] = `null`;
